I'm sorry, but errors were detected in your script. Please correct the
errors listed below, and try again.


File "game/chapter1.rpy", line 519: indentation mismatch.

Ren'Py Version: Ren'Py 7.4.10.2178
Sat Jul 23 20:50:53 2022
